components/crm/PipelineChart.tsx(43,25): error TS2322: Type '(value: number) => [string, "Valor"]' is not assignable to type 'Formatter<number, "Valor">'.
  Types of parameters 'value' and 'value' are incompatible.
    Type 'number | undefined' is not assignable to type 'number'.
      Type 'undefined' is not assignable to type 'number'.
scripts/debug_compliance.ts(14,18): error TS7006: Parameter 'msg' implicitly has an 'any' type.
scripts/debug_forecast.ts(31,39): error TS18047: 'b.plannedDate' is possibly 'null'.
scripts/debug_forecast.ts(35,40): error TS18047: 'b.plannedDate' is possibly 'null'.
scripts/reset_probabilities.ts(2,9): error TS2451: Cannot redeclare block-scoped variable 'PrismaClient'.
scripts/reset_probabilities.ts(4,7): error TS2451: Cannot redeclare block-scoped variable 'prisma'.
scripts/reset_probabilities.ts(6,16): error TS2393: Duplicate function implementation.
scripts/seed_users.ts(2,9): error TS2451: Cannot redeclare block-scoped variable 'PrismaClient'.
scripts/seed_users.ts(5,7): error TS2451: Cannot redeclare block-scoped variable 'prisma'.
scripts/seed_users.ts(7,16): error TS2393: Duplicate function implementation.
